node : ΓÜá∩╕Å  
VirusTotal API key not 
found!
At line:1 char:1
+ node debug_vt.js > 
test_output.txt 2>&1
+ ~~~~~~~~~~~~~~~~~~~~~
~~~~~~~~~~~~~~~~~~
    + CategoryInfo     
         : NotSpecifi  
  ed: (ΓÜá∩╕Å  Virus   
 Total API key not     
found!:String) [],     
RemoteException
    + FullyQualifiedEr 
   rorId : NativeComm  
  andError
 
--- Testing VirusTotal parseResults ---
Safe URL Test: PASS (Score: 0, Level: safe)
Suspicious Test (1/2 engines): very_dangerous (Score: 100)
Trusted Engine Test: PASS (Ratio: ~21.7%, Level: very_dangerous)
Untrusted Engine Test: PASS (Ratio: 10%, Level: dangerous)

--- Stats Integrity Check ---
Stats: {"malicious":1,"suspicious":0,"undetected":9,"harmless":0,"total":10}
Stats Total Check: PASS
